Archive member included to satisfy reference by file (symbol)

c:/users/palhartinger/desktop/eclipse/toolchain/gcc-arm-none-eabi-4_9-141220/bin/../lib/gcc/arm-none-eabi/4.9.3/../../../../arm-none-eabi/lib/armv7-m\libg_nano.a(lib_a-errno.o)
                              ./system/src/newlib/_sbrk.o (__errno)
c:/users/palhartinger/desktop/eclipse/toolchain/gcc-arm-none-eabi-4_9-141220/bin/../lib/gcc/arm-none-eabi/4.9.3/../../../../arm-none-eabi/lib/armv7-m\libg_nano.a(lib_a-impure.o)
                              c:/users/palhartinger/desktop/eclipse/toolchain/gcc-arm-none-eabi-4_9-141220/bin/../lib/gcc/arm-none-eabi/4.9.3/../../../../arm-none-eabi/lib/armv7-m\libg_nano.a(lib_a-errno.o) (_impure_ptr)
c:/users/palhartinger/desktop/eclipse/toolchain/gcc-arm-none-eabi-4_9-141220/bin/../lib/gcc/arm-none-eabi/4.9.3/../../../../arm-none-eabi/lib/armv7-m\libg_nano.a(lib_a-strlen.o)
                              ./system/src/diag/Trace.o (strlen)
c:/users/palhartinger/desktop/eclipse/toolchain/gcc-arm-none-eabi-4_9-141220/bin/../lib/gcc/arm-none-eabi/4.9.3/../../../../arm-none-eabi/lib/armv7-m\libg_nano.a(lib_a-vsnprintf.o)
                              ./system/src/diag/Trace.o (vsnprintf)
c:/users/palhartinger/desktop/eclipse/toolchain/gcc-arm-none-eabi-4_9-141220/bin/../lib/gcc/arm-none-eabi/4.9.3/../../../../arm-none-eabi/lib/armv7-m\libg_nano.a(lib_a-nano-svfprintf.o)
                              c:/users/palhartinger/desktop/eclipse/toolchain/gcc-arm-none-eabi-4_9-141220/bin/../lib/gcc/arm-none-eabi/4.9.3/../../../../arm-none-eabi/lib/armv7-m\libg_nano.a(lib_a-vsnprintf.o) (_svfprintf_r)
c:/users/palhartinger/desktop/eclipse/toolchain/gcc-arm-none-eabi-4_9-141220/bin/../lib/gcc/arm-none-eabi/4.9.3/../../../../arm-none-eabi/lib/armv7-m\libg_nano.a(lib_a-nano-vfprintf_i.o)
                              c:/users/palhartinger/desktop/eclipse/toolchain/gcc-arm-none-eabi-4_9-141220/bin/../lib/gcc/arm-none-eabi/4.9.3/../../../../arm-none-eabi/lib/armv7-m\libg_nano.a(lib_a-nano-svfprintf.o) (_printf_i)
c:/users/palhartinger/desktop/eclipse/toolchain/gcc-arm-none-eabi-4_9-141220/bin/../lib/gcc/arm-none-eabi/4.9.3/../../../../arm-none-eabi/lib/armv7-m\libg_nano.a(lib_a-memchr.o)
                              c:/users/palhartinger/desktop/eclipse/toolchain/gcc-arm-none-eabi-4_9-141220/bin/../lib/gcc/arm-none-eabi/4.9.3/../../../../arm-none-eabi/lib/armv7-m\libg_nano.a(lib_a-nano-svfprintf.o) (memchr)
c:/users/palhartinger/desktop/eclipse/toolchain/gcc-arm-none-eabi-4_9-141220/bin/../lib/gcc/arm-none-eabi/4.9.3/../../../../arm-none-eabi/lib/armv7-m\libg_nano.a(lib_a-memcpy.o)
                              c:/users/palhartinger/desktop/eclipse/toolchain/gcc-arm-none-eabi-4_9-141220/bin/../lib/gcc/arm-none-eabi/4.9.3/../../../../arm-none-eabi/lib/armv7-m\libg_nano.a(lib_a-nano-svfprintf.o) (memcpy)
c:/users/palhartinger/desktop/eclipse/toolchain/gcc-arm-none-eabi-4_9-141220/bin/../lib/gcc/arm-none-eabi/4.9.3/../../../../arm-none-eabi/lib/armv7-m\libg_nano.a(lib_a-memmove.o)
                              c:/users/palhartinger/desktop/eclipse/toolchain/gcc-arm-none-eabi-4_9-141220/bin/../lib/gcc/arm-none-eabi/4.9.3/../../../../arm-none-eabi/lib/armv7-m\libg_nano.a(lib_a-nano-svfprintf.o) (memmove)
c:/users/palhartinger/desktop/eclipse/toolchain/gcc-arm-none-eabi-4_9-141220/bin/../lib/gcc/arm-none-eabi/4.9.3/../../../../arm-none-eabi/lib/armv7-m\libg_nano.a(lib_a-nano-freer.o)
                              c:/users/palhartinger/desktop/eclipse/toolchain/gcc-arm-none-eabi-4_9-141220/bin/../lib/gcc/arm-none-eabi/4.9.3/../../../../arm-none-eabi/lib/armv7-m\libg_nano.a(lib_a-nano-svfprintf.o) (_free_r)
c:/users/palhartinger/desktop/eclipse/toolchain/gcc-arm-none-eabi-4_9-141220/bin/../lib/gcc/arm-none-eabi/4.9.3/../../../../arm-none-eabi/lib/armv7-m\libg_nano.a(lib_a-nano-mallocr.o)
                              c:/users/palhartinger/desktop/eclipse/toolchain/gcc-arm-none-eabi-4_9-141220/bin/../lib/gcc/arm-none-eabi/4.9.3/../../../../arm-none-eabi/lib/armv7-m\libg_nano.a(lib_a-nano-svfprintf.o) (_malloc_r)
c:/users/palhartinger/desktop/eclipse/toolchain/gcc-arm-none-eabi-4_9-141220/bin/../lib/gcc/arm-none-eabi/4.9.3/../../../../arm-none-eabi/lib/armv7-m\libg_nano.a(lib_a-nano-reallocr.o)
                              c:/users/palhartinger/desktop/eclipse/toolchain/gcc-arm-none-eabi-4_9-141220/bin/../lib/gcc/arm-none-eabi/4.9.3/../../../../arm-none-eabi/lib/armv7-m\libg_nano.a(lib_a-nano-svfprintf.o) (_realloc_r)
c:/users/palhartinger/desktop/eclipse/toolchain/gcc-arm-none-eabi-4_9-141220/bin/../lib/gcc/arm-none-eabi/4.9.3/../../../../arm-none-eabi/lib/armv7-m\libg_nano.a(lib_a-sbrkr.o)
                              c:/users/palhartinger/desktop/eclipse/toolchain/gcc-arm-none-eabi-4_9-141220/bin/../lib/gcc/arm-none-eabi/4.9.3/../../../../arm-none-eabi/lib/armv7-m\libg_nano.a(lib_a-nano-mallocr.o) (_sbrk_r)
[...]
Memory Configuration

Name             Origin             Length             Attributes
RAM              0x0000000020000000 0x0000000000005000 xrw
CCMRAM           0x0000000000000000 0x0000000000000000 xrw
FLASH            0x0000000008000000 0x0000000000010000 xr
FLASHB1          0x0000000000000000 0x0000000000000000 xr
EXTMEMB0         0x0000000000000000 0x0000000000000000 xr
EXTMEMB1         0x0000000000000000 0x0000000000000000 xr
EXTMEMB2         0x0000000000000000 0x0000000000000000 xr
EXTMEMB3         0x0000000000000000 0x0000000000000000 xr
MEMORY_ARRAY     0x0000000000000000 0x0000000000000000 xrw
*default*        0x0000000000000000 0xffffffffffffffff

Linker script and memory map

LOAD ./system/src/stm32f1-stdperiph/misc.o
LOAD ./system/src/stm32f1-stdperiph/stm32f10x_gpio.o
LOAD ./system/src/stm32f1-stdperiph/stm32f10x_rcc.o
LOAD ./system/src/newlib/_cxx.o
LOAD ./system/src/newlib/_exit.o
LOAD ./system/src/newlib/_sbrk.o
LOAD ./system/src/newlib/_startup.o
LOAD ./system/src/newlib/_syscalls.o
LOAD ./system/src/newlib/assert.o
LOAD ./system/src/diag/Trace.o
LOAD ./system/src/diag/trace_impl.o
LOAD ./system/src/cortexm/_initialize_hardware.o
LOAD ./system/src/cortexm/_reset_hardware.o
LOAD ./system/src/cortexm/exception_handlers.o
LOAD ./system/src/cmsis/system_stm32f10x.o
LOAD ./system/src/cmsis/vectors_stm32f10x.o
LOAD ./src/_write.o
LOAD ./src/main.o
LOAD c:/users/palhartinger/desktop/eclipse/toolchain/gcc-arm-none-eabi-4_9-141220/bin/../lib/gcc/arm-none-eabi/4.9.3/../../../../arm-none-eabi/lib/armv7-m\libstdc++_nano.a
LOAD c:/users/palhartinger/desktop/eclipse/toolchain/gcc-arm-none-eabi-4_9-141220/bin/../lib/gcc/arm-none-eabi/4.9.3/../../../../arm-none-eabi/lib/armv7-m\libm.a
START GROUP
LOAD c:/users/palhartinger/desktop/eclipse/toolchain/gcc-arm-none-eabi-4_9-141220/bin/../lib/gcc/arm-none-eabi/4.9.3/armv7-m\libgcc.a
LOAD c:/users/palhartinger/desktop/eclipse/toolchain/gcc-arm-none-eabi-4_9-141220/bin/../lib/gcc/arm-none-eabi/4.9.3/../../../../arm-none-eabi/lib/armv7-m\libg_nano.a
LOAD c:/users/palhartinger/desktop/eclipse/toolchain/gcc-arm-none-eabi-4_9-141220/bin/../lib/gcc/arm-none-eabi/4.9.3/../../../../arm-none-eabi/lib/armv7-m\libc_nano.a
END GROUP
START GROUP
LOAD c:/users/palhartinger/desktop/eclipse/toolchain/gcc-arm-none-eabi-4_9-141220/bin/../lib/gcc/arm-none-eabi/4.9.3/armv7-m\libgcc.a
LOAD c:/users/palhartinger/desktop/eclipse/toolchain/gcc-arm-none-eabi-4_9-141220/bin/../lib/gcc/arm-none-eabi/4.9.3/../../../../arm-none-eabi/lib/armv7-m\libc_nano.a
END GROUP
                0x0000000020005000                __stack = (ORIGIN (RAM) + 0x5000)
                0x0000000020005000                _estack = __stack
                0x0000000000000400                __Main_Stack_Size = 0x400
                0x0000000000000400                PROVIDE (_Main_Stack_Size, __Main_Stack_Size)
                0x0000000020004c00                __Main_Stack_Limit = (__stack - __Main_Stack_Size)
                0x0000000020004c00                PROVIDE (_Main_Stack_Limit, __Main_Stack_Limit)
                0x0000000000000100                _Minimum_Stack_Size = 0x100
                0x0000000020000030                PROVIDE (_Heap_Begin, _end_noinit)
                0x0000000020004c00                PROVIDE (_Heap_Limit, (__stack - __Main_Stack_Size))

.isr_vector     0x0000000008000000      0x250
                0x0000000008000000                . = ALIGN (0x4)
 *(.isr_vector)
 .isr_vector    0x0000000008000000      0x10c ./system/src/cmsis/vectors_stm32f10x.o
                0x0000000008000000                __isr_vectors
 *(.cfmconfig)
 *(.after_vectors .after_vectors.*)
 .after_vectors
                0x000000000800010c      0x114 ./system/src/newlib/_startup.o
                0x000000000800010c                _start
 .after_vectors
                0x0000000008000220       0x2c ./system/src/cortexm/exception_handlers.o
                0x0000000008000220                Reset_Handler
                0x0000000008000228                NMI_Handler
                0x000000000800022c                HardFault_Handler
                0x0000000008000230                MemManage_Handler
                0x0000000008000234                BusFault_Handler
                0x0000000008000238                UsageFault_Handler
                0x000000000800023c                SVC_Handler
                0x0000000008000240                DebugMon_Handler
                0x0000000008000244                PendSV_Handler
                0x0000000008000248                SysTick_Handler
 .after_vectors
                0x000000000800024c        0x4 ./system/src/cmsis/vectors_stm32f10x.o
                0x000000000800024c                EXTI2_IRQHandler
                0x000000000800024c                TIM8_TRG_COM_IRQHandler
                0x000000000800024c                TIM8_CC_IRQHandler
                0x000000000800024c                TIM1_CC_IRQHandler
                0x000000000800024c                TIM6_IRQHandler
                0x000000000800024c                PVD_IRQHandler
                0x000000000800024c                SDIO_IRQHandler
                0x000000000800024c                CAN2_RX1_IRQHandler
                0x000000000800024c                EXTI3_IRQHandler
                0x000000000800024c                TIM8_TRG_COM_TIM14_IRQHandler
                0x000000000800024c                TIM1_UP_TIM10_IRQHandler
                0x000000000800024c                TIM8_UP_TIM13_IRQHandler
                0x000000000800024c                EXTI0_IRQHandler
                0x000000000800024c                I2C2_EV_IRQHandler
                0x000000000800024c                CAN1_RX0_IRQHandler
                0x000000000800024c                TIM1_UP_TIM16_IRQHandler
                0x000000000800024c                CAN2_SCE_IRQHandler
                0x000000000800024c                ADC1_2_IRQHandler
                0x000000000800024c                SPI1_IRQHandler
                0x000000000800024c                TAMPER_IRQHandler
                0x000000000800024c                TIM6_DAC_IRQHandler
                0x000000000800024c                TIM1_BRK_TIM9_IRQHandler
                0x000000000800024c                CAN2_RX0_IRQHandler
                0x000000000800024c                TIM8_UP_IRQHandler
                0x000000000800024c                DMA2_Channel2_IRQHandler
                0x000000000800024c                DMA1_Channel4_IRQHandler
                0x000000000800024c                USART3_IRQHandler
                0x000000000800024c                RTC_IRQHandler
                0x000000000800024c                DMA1_Channel7_IRQHandler
                0x000000000800024c                CAN1_RX1_IRQHandler
                0x000000000800024c                UART5_IRQHandler
                0x000000000800024c                ADC3_IRQHandler
                0x000000000800024c                TIM4_IRQHandler
                0x000000000800024c                DMA2_Channel1_IRQHandler
                0x000000000800024c                I2C1_EV_IRQHandler
                0x000000000800024c                DMA1_Channel6_IRQHandler
                0x000000000800024c                UART4_IRQHandler
                0x000000000800024c                DMA2_Channel4_IRQHandler
                0x000000000800024c                TIM3_IRQHandler
                0x000000000800024c                RCC_IRQHandler
                0x000000000800024c                TIM8_BRK_TIM12_IRQHandler
                0x000000000800024c                TIM1_TRG_COM_IRQHandler
                0x000000000800024c                DMA1_Channel1_IRQHandler
                0x000000000800024c                Default_Handler
                0x000000000800024c                CEC_IRQHandler
                0x000000000800024c                EXTI15_10_IRQHandler
                0x000000000800024c                TIM14_IRQHandler
                0x000000000800024c                TIM13_IRQHandler
                0x000000000800024c                TIM12_IRQHandler
                0x000000000800024c                TIM7_IRQHandler
                0x000000000800024c                CAN2_TX_IRQHandler
                0x000000000800024c                TIM5_IRQHandler
                0x000000000800024c                EXTI9_5_IRQHandler
                0x000000000800024c                ETH_WKUP_IRQHandler
                0x000000000800024c                SPI2_IRQHandler
                0x000000000800024c                CAN1_TX_IRQHandler
                0x000000000800024c                DMA2_Channel5_IRQHandler
                0x000000000800024c                DMA1_Channel5_IRQHandler
                0x000000000800024c                EXTI4_IRQHandler
                0x000000000800024c                USB_LP_CAN1_RX0_IRQHandler
                0x000000000800024c                TIM1_TRG_COM_TIM17_IRQHandler
                0x000000000800024c                USB_HP_CAN1_TX_IRQHandler
                0x000000000800024c                DMA1_Channel3_IRQHandler
                0x000000000800024c                FSMC_IRQHandler
                0x000000000800024c                ETH_IRQHandler
                0x000000000800024c                TIM1_UP_IRQHandler
                0x000000000800024c                WWDG_IRQHandler
                0x000000000800024c                TIM2_IRQHandler
                0x000000000800024c                OTG_FS_WKUP_IRQHandler
                0x000000000800024c                TIM1_TRG_COM_TIM11_IRQHandler
                0x000000000800024c                TIM1_BRK_IRQHandler
                0x000000000800024c                EXTI1_IRQHandler
                0x000000000800024c                RTCAlarm_IRQHandler
                0x000000000800024c                DMA2_Channel4_5_IRQHandler
                0x000000000800024c                USART2_IRQHandler
                0x000000000800024c                I2C2_ER_IRQHandler
                0x000000000800024c                DMA1_Channel2_IRQHandler
                0x000000000800024c                TIM8_BRK_IRQHandler
                0x000000000800024c                CAN1_SCE_IRQHandler
                0x000000000800024c                FLASH_IRQHandler
                0x000000000800024c                USART1_IRQHandler
                0x000000000800024c                OTG_FS_IRQHandler
                0x000000000800024c                SPI3_IRQHandler
                0x000000000800024c                I2C1_ER_IRQHandler
                0x000000000800024c                USBWakeUp_IRQHandler
                0x000000000800024c                DMA2_Channel3_IRQHandler
                0x000000000800024c                TIM1_BRK_TIM15_IRQHandler
                0x0000000008000250                . = ALIGN (0x4)

.inits          0x0000000008000250        0x0
                0x0000000008000250                . = ALIGN (0x4)
 *(.init)
 *(.fini)
                0x0000000008000250                . = ALIGN (0x4)
                0x0000000008000250                PROVIDE (__preinit_array_start, .)
 *(.preinit_array_sysinit .preinit_array_sysinit.*)
 *(.preinit_array_platform .preinit_array_platform.*)
 *(.preinit_array .preinit_array.*)
                0x0000000008000250                PROVIDE (__preinit_array_end, .)
                0x0000000008000250                . = ALIGN (0x4)
                0x0000000008000250                PROVIDE (__init_array_start, .)
 *(SORT(.init_array.*))
 *(.init_array)
                0x0000000008000250                PROVIDE (__init_array_end, .)
                0x0000000008000250                . = ALIGN (0x4)
                0x0000000008000250                PROVIDE (__fini_array_start, .)
 *(SORT(.fini_array.*))
 *(.fini_array)
                0x0000000008000250                PROVIDE (__fini_array_end, .)
                0x0000000008000250                . = ALIGN (0x4)

.flashtext      0x0000000008000250        0x0
                0x0000000008000250                . = ALIGN (0x4)
 *(.flashtext .flashtext.*)
                0x0000000008000250                . = ALIGN (0x4)

.text           0x0000000008000250      0x258
                0x0000000008000250                . = ALIGN (0x4)
 *(.text .text.*)
 .text._exit    0x0000000008000250        0x4 ./system/src/newlib/_exit.o
                0x0000000008000250                _exit
 .text.__initialize_args
                0x0000000008000254       0x10 ./system/src/newlib/_syscalls.o
                0x0000000008000254                __initialize_args
 .text.__initialize_hardware_early
                0x0000000008000264        0x8 ./system/src/cortexm/_initialize_hardware.o
                0x0000000008000264                __initialize_hardware_early
 .text.__initialize_hardware
                0x000000000800026c        0x8 ./system/src/cortexm/_initialize_hardware.o
                0x000000000800026c                __initialize_hardware
 .text.SetSysClockTo72
                0x0000000008000274       0xc4 ./system/src/cmsis/system_stm32f10x.o
 .text.SetSysClock
                0x0000000008000338        0x8 ./system/src/cmsis/system_stm32f10x.o
 .text.SystemInit
                0x0000000008000340       0x50 ./system/src/cmsis/system_stm32f10x.o
                0x0000000008000340                SystemInit
 .text.SystemCoreClockUpdate
                0x0000000008000390       0x94 ./system/src/cmsis/system_stm32f10x.o
                0x0000000008000390                SystemCoreClockUpdate
 .text.delay    0x0000000008000424       0x14 ./src/main.o
                0x0000000008000424                delay
 .text.c_pin_on
                0x0000000008000438       0x1c ./src/main.o
                0x0000000008000438                c_pin_on
 .text.c_pin_off
                0x0000000008000454       0x1c ./src/main.o
                0x0000000008000454                c_pin_off
 .text.main     0x0000000008000470       0x38 ./src/main.o
                0x0000000008000470                main
 *(.rodata .rodata.*)
 *(vtable)
 *(.eh_frame*)
 *(.glue_7)
 .glue_7        0x00000000080004a8        0x0 linker stubs
 *(.glue_7t)
 .glue_7t       0x00000000080004a8        0x0 linker stubs

.vfp11_veneer   0x00000000080004a8        0x0
 .vfp11_veneer  0x00000000080004a8        0x0 linker stubs

.v4_bx          0x00000000080004a8        0x0
 .v4_bx         0x00000000080004a8        0x0 linker stubs

.iplt           0x00000000080004a8        0x0
 .iplt          0x00000000080004a8        0x0 ./system/src/stm32f1-stdperiph/misc.o

.rel.dyn        0x00000000080004a8        0x0
 .rel.iplt      0x00000000080004a8        0x0 ./system/src/stm32f1-stdperiph/misc.o

.ARM.extab
 *(.ARM.extab* .gnu.linkonce.armextab.*)
                0x00000000080004a8                __exidx_start = .

.ARM.exidx
 *(.ARM.exidx* .gnu.linkonce.armexidx.*)
                0x00000000080004a8                __exidx_end = .
                0x00000000080004a8                . = ALIGN (0x4)
                0x00000000080004a8                _etext = .
                0x00000000080004a8                __etext = .
                0x00000000080004a8                _sidata = _etext

.data           0x0000000020000000       0x24 load address 0x00000000080004a8
                0x0000000020000000                . = ALIGN (0x4)
                0x0000000020000000                _sdata = .
                0x0000000020000000                __data_start__ = .
 *(.data_begin .data_begin.*)
 .data_begin    0x0000000020000000        0x4 ./system/src/newlib/_startup.o
 *(.data .data.*)
 .data.argv.4526
                0x0000000020000004        0x8 ./system/src/newlib/_syscalls.o
 .data.AHBPrescTable
                0x000000002000000c       0x10 ./system/src/cmsis/system_stm32f10x.o
                0x000000002000000c                AHBPrescTable
 .data.SystemCoreClock
                0x000000002000001c        0x4 ./system/src/cmsis/system_stm32f10x.o
                0x000000002000001c                SystemCoreClock
 *(.data_end .data_end.*)
 .data_end      0x0000000020000020        0x4 ./system/src/newlib/_startup.o
                0x0000000020000024                . = ALIGN (0x4)
                0x0000000020000024                _edata = .
                0x0000000020000024                __data_end__ = .

.igot.plt       0x0000000020000024        0x0 load address 0x00000000080004cc
 .igot.plt      0x0000000020000024        0x0 ./system/src/stm32f1-stdperiph/misc.o

.bss            0x0000000020000024        0xc load address 0x00000000080004cc
                0x0000000020000024                . = ALIGN (0x4)
                0x0000000020000024                __bss_start__ = .
                0x0000000020000024                _sbss = .
 *(.bss_begin .bss_begin.*)
 .bss_begin     0x0000000020000024        0x4 ./system/src/newlib/_startup.o
 *(.bss .bss.*)
 .bss.name.4525
                0x0000000020000028        0x4 ./system/src/newlib/_syscalls.o
 *(COMMON)
 *(.bss_end .bss_end.*)
 .bss_end       0x000000002000002c        0x4 ./system/src/newlib/_startup.o
                0x0000000020000030                . = ALIGN (0x4)
                0x0000000020000030                __bss_end__ = .
                0x0000000020000030                _ebss = .

.noinit         0x0000000020000030        0x0
                0x0000000020000030                . = ALIGN (0x4)
                0x0000000020000030                _noinit = .
 *(.noinit .noinit.*)
                0x0000000020000030                . = ALIGN (0x4)
                0x0000000020000030                _end_noinit = .
                0x0000000020000030                PROVIDE (end, _end_noinit)
                0x0000000020000030                PROVIDE (_end, _end_noinit)
                0x0000000020000030                PROVIDE (__end, _end_noinit)
                0x0000000020000030                PROVIDE (__end__, _end_noinit)

._check_stack   0x0000000020000030      0x100 load address 0x00000000080004d8
                0x0000000020000030                . = ALIGN (0x4)
                0x0000000020000130                . = (. + _Minimum_Stack_Size)
 *fill*         0x0000000020000030      0x100 
                0x0000000020000130                . = ALIGN (0x4)

.bss_CCMRAM
 *(.bss.CCMRAM .bss.CCMRAM.*)

.b1text
 *(.b1text)
 *(.b1rodata)
 *(.b1rodata.*)

.eb0text
 *(.eb0text)
 *(.eb0rodata)
 *(.eb0rodata.*)

.eb1text
 *(.eb1text)
 *(.eb1rodata)
 *(.eb1rodata.*)

.eb2text
 *(.eb2text)
 *(.eb2rodata)
 *(.eb2rodata.*)

.eb3text
 *(.eb3text)
 *(.eb3rodata)
 *(.eb3rodata.*)

.stab
 *(.stab)

.stabstr
 *(.stabstr)

.stab.excl
 *(.stab.excl)

.stab.exclstr
 *(.stab.exclstr)

.stab.index
 *(.stab.index)

.stab.indexstr
 *(.stab.indexstr)

.comment        0x0000000000000000       0x6a
 *(.comment)
 .comment       0x0000000000000000       0x6a ./system/src/newlib/_exit.o
                                         0x6b (size before relaxing)
 .comment       0x000000000000006a       0x6b ./system/src/newlib/_startup.o
 .comment       0x000000000000006a       0x6b ./system/src/newlib/_syscalls.o
 .comment       0x000000000000006a       0x6b ./system/src/cortexm/_initialize_hardware.o
 .comment       0x000000000000006a       0x6b ./system/src/cortexm/exception_handlers.o
 .comment       0x000000000000006a       0x6b ./system/src/cmsis/system_stm32f10x.o
 .comment       0x000000000000006a       0x6b ./system/src/cmsis/vectors_stm32f10x.o
 .comment       0x000000000000006a       0x6b ./src/main.o

.ARM.attributes
                0x0000000000000000       0x33
 .ARM.attributes
                0x0000000000000000       0x33 ./system/src/newlib/_exit.o
 .ARM.attributes
                0x0000000000000033       0x33 ./system/src/newlib/_startup.o
 .ARM.attributes
                0x0000000000000066       0x33 ./system/src/newlib/_syscalls.o
 .ARM.attributes
                0x0000000000000099       0x33 ./system/src/cortexm/_initialize_hardware.o
 .ARM.attributes
                0x00000000000000cc       0x33 ./system/src/cortexm/exception_handlers.o
 .ARM.attributes
                0x00000000000000ff       0x33 ./system/src/cmsis/system_stm32f10x.o
 .ARM.attributes
                0x0000000000000132       0x33 ./system/src/cmsis/vectors_stm32f10x.o
 .ARM.attributes
                0x0000000000000165       0x33 ./src/main.o

.debug
 *(.debug)

.line
 *(.line)

.debug_srcinfo
 *(.debug_srcinfo)

.debug_sfnames
 *(.debug_sfnames)

.debug_aranges  0x0000000000000000      0x258
 *(.debug_aranges)
 .debug_aranges
                0x0000000000000000       0x28 ./system/src/newlib/_exit.o
 .debug_aranges
                0x0000000000000028       0x40 ./system/src/newlib/_startup.o
 .debug_aranges
                0x0000000000000068       0xd0 ./system/src/newlib/_syscalls.o
 .debug_aranges
                0x0000000000000138       0x28 ./system/src/cortexm/_initialize_hardware.o
 .debug_aranges
                0x0000000000000160       0x68 ./system/src/cortexm/exception_handlers.o
 .debug_aranges
                0x00000000000001c8       0x38 ./system/src/cmsis/system_stm32f10x.o
 .debug_aranges
                0x0000000000000200       0x20 ./system/src/cmsis/vectors_stm32f10x.o
 .debug_aranges
                0x0000000000000220       0x38 ./src/main.o

.debug_pubnames
 *(.debug_pubnames)

.debug_info     0x0000000000000000     0x1841
 *(.debug_info .gnu.linkonce.wi.*)
 .debug_info    0x0000000000000000      0x100 ./system/src/newlib/_exit.o
 .debug_info    0x0000000000000100      0x47f ./system/src/newlib/_startup.o
 .debug_info    0x000000000000057f      0x8f3 ./system/src/newlib/_syscalls.o
 .debug_info    0x0000000000000e72       0xea ./system/src/cortexm/_initialize_hardware.o
 .debug_info    0x0000000000000f5c       0xe9 ./system/src/cortexm/exception_handlers.o
 .debug_info    0x0000000000001045      0x4a0 ./system/src/cmsis/system_stm32f10x.o
 .debug_info    0x00000000000014e5       0x92 ./system/src/cmsis/vectors_stm32f10x.o
 .debug_info    0x0000000000001577      0x2ca ./src/main.o

.debug_abbrev   0x0000000000000000      0x7e6
 *(.debug_abbrev)
 .debug_abbrev  0x0000000000000000       0xa4 ./system/src/newlib/_exit.o
 .debug_abbrev  0x00000000000000a4      0x1e9 ./system/src/newlib/_startup.o
 .debug_abbrev  0x000000000000028d      0x178 ./system/src/newlib/_syscalls.o
 .debug_abbrev  0x0000000000000405       0x88 ./system/src/cortexm/_initialize_hardware.o
 .debug_abbrev  0x000000000000048d       0x65 ./system/src/cortexm/exception_handlers.o
 .debug_abbrev  0x00000000000004f2      0x157 ./system/src/cmsis/system_stm32f10x.o
 .debug_abbrev  0x0000000000000649       0x92 ./system/src/cmsis/vectors_stm32f10x.o
 .debug_abbrev  0x00000000000006db      0x10b ./src/main.o

.debug_line     0x0000000000000000     0x1d15
 *(.debug_line)
 .debug_line    0x0000000000000000      0x31d ./system/src/newlib/_exit.o
 .debug_line    0x000000000000031d      0x37b ./system/src/newlib/_startup.o
 .debug_line    0x0000000000000698      0x54a ./system/src/newlib/_syscalls.o
 .debug_line    0x0000000000000be2      0x4d7 ./system/src/cortexm/_initialize_hardware.o
 .debug_line    0x00000000000010b9       0xbf ./system/src/cortexm/exception_handlers.o
 .debug_line    0x0000000000001178      0x538 ./system/src/cmsis/system_stm32f10x.o
 .debug_line    0x00000000000016b0       0x8e ./system/src/cmsis/vectors_stm32f10x.o
 .debug_line    0x000000000000173e      0x5d7 ./src/main.o

.debug_frame    0x0000000000000000      0x4d4
 *(.debug_frame)
 .debug_frame   0x0000000000000000       0x38 ./system/src/newlib/_exit.o
 .debug_frame   0x0000000000000038       0x7c ./system/src/newlib/_startup.o
 .debug_frame   0x00000000000000b4      0x230 ./system/src/newlib/_syscalls.o
 .debug_frame   0x00000000000002e4       0x40 ./system/src/cortexm/_initialize_hardware.o
 .debug_frame   0x0000000000000324       0xb8 ./system/src/cortexm/exception_handlers.o
 .debug_frame   0x00000000000003dc       0x68 ./system/src/cmsis/system_stm32f10x.o
 .debug_frame   0x0000000000000444       0x20 ./system/src/cmsis/vectors_stm32f10x.o
 .debug_frame   0x0000000000000464       0x70 ./src/main.o

.debug_str      0x0000000000000000    0x539b8
 *(.debug_str)
 .debug_str     0x0000000000000000     0x6273 ./system/src/newlib/_exit.o
                                       0x6395 (size before relaxing)
 .debug_str     0x0000000000006273      0xa9c ./system/src/newlib/_startup.o
                                       0x3f63 (size before relaxing)
 .debug_str     0x0000000000006d0f     0x12be ./system/src/newlib/_syscalls.o
                                       0x680a (size before relaxing)
 .debug_str     0x0000000000007fcd    0x4af54 ./system/src/cortexm/_initialize_hardware.o
                                      0x4df3b (size before relaxing)
 .debug_str     0x0000000000052f21       0xe8 ./system/src/cortexm/exception_handlers.o
                                       0x257d (size before relaxing)
 .debug_str     0x0000000000053009      0x197 ./system/src/cmsis/system_stm32f10x.o
                                      0x4e084 (size before relaxing)
 .debug_str     0x00000000000531a0       0x57 ./system/src/cmsis/vectors_stm32f10x.o
                                       0x251a (size before relaxing)
 .debug_str     0x00000000000531f7      0x7c1 ./src/main.o
                                      0x5227e (size before relaxing)

.debug_loc      0x0000000000000000      0x8d4
 *(.debug_loc)
 .debug_loc     0x0000000000000000      0x265 ./system/src/newlib/_startup.o
 .debug_loc     0x0000000000000265      0x549 ./system/src/newlib/_syscalls.o
 .debug_loc     0x00000000000007ae       0xe4 ./system/src/cmsis/system_stm32f10x.o
 .debug_loc     0x0000000000000892       0x42 ./src/main.o

.debug_macinfo
 *(.debug_macinfo)

.debug_weaknames
 *(.debug_weaknames)

.debug_funcnames
 *(.debug_funcnames)

.debug_typenames
 *(.debug_typenames)

.debug_varnames
 *(.debug_varnames)
OUTPUT(Blink.elf elf32-littlearm)

.debug_ranges   0x0000000000000000      0x1f0
 .debug_ranges  0x0000000000000000       0x18 ./system/src/newlib/_exit.o
 .debug_ranges  0x0000000000000018       0x48 ./system/src/newlib/_startup.o
 .debug_ranges  0x0000000000000060       0xc0 ./system/src/newlib/_syscalls.o
 .debug_ranges  0x0000000000000120       0x18 ./system/src/cortexm/_initialize_hardware.o
 .debug_ranges  0x0000000000000138       0x58 ./system/src/cortexm/exception_handlers.o
 .debug_ranges  0x0000000000000190       0x28 ./system/src/cmsis/system_stm32f10x.o
 .debug_ranges  0x00000000000001b8       0x10 ./system/src/cmsis/vectors_stm32f10x.o
 .debug_ranges  0x00000000000001c8       0x28 ./src/main.o

.debug_macro    0x0000000000000000     0x1312
 .debug_macro   0x0000000000000000      0x137 ./system/src/newlib/_exit.o
 .debug_macro   0x0000000000000137       0x9c ./system/src/newlib/_exit.o
 .debug_macro   0x00000000000001d3      0x10e ./system/src/newlib/_exit.o
 .debug_macro   0x00000000000002e1       0x86 ./system/src/newlib/_exit.o
 .debug_macro   0x0000000000000367       0x43 ./system/src/newlib/_exit.o
 .debug_macro   0x00000000000003aa       0x1c ./system/src/newlib/_exit.o
 .debug_macro   0x00000000000003c6      0x27a ./system/src/newlib/_exit.o
 .debug_macro   0x0000000000000640       0x35 ./system/src/newlib/_exit.o
 .debug_macro   0x0000000000000675       0xf0 ./system/src/newlib/_startup.o
 .debug_macro   0x0000000000000765      0x185 ./system/src/newlib/_syscalls.o
 .debug_macro   0x00000000000008ea       0x1c ./system/src/newlib/_syscalls.o
 .debug_macro   0x0000000000000906       0x16 ./system/src/newlib/_syscalls.o
 .debug_macro   0x000000000000091c       0x10 ./system/src/newlib/_syscalls.o
 .debug_macro   0x000000000000092c       0x10 ./system/src/newlib/_syscalls.o
 .debug_macro   0x000000000000093c       0x35 ./system/src/newlib/_syscalls.o
 .debug_macro   0x0000000000000971      0x121 ./system/src/newlib/_syscalls.o
 .debug_macro   0x0000000000000a92       0x22 ./system/src/newlib/_syscalls.o
 .debug_macro   0x0000000000000ab4       0x2b ./system/src/newlib/_syscalls.o
 .debug_macro   0x0000000000000adf      0x118 ./system/src/newlib/_syscalls.o
 .debug_macro   0x0000000000000bf7      0x13e ./system/src/newlib/_syscalls.o
 .debug_macro   0x0000000000000d35       0x16 ./system/src/newlib/_syscalls.o
 .debug_macro   0x0000000000000d4b      0x183 ./system/src/cortexm/_initialize_hardware.o
 .debug_macro   0x0000000000000ece       0x1b ./system/src/cortexm/exception_handlers.o
 .debug_macro   0x0000000000000ee9      0x186 ./system/src/cmsis/system_stm32f10x.o
 .debug_macro   0x000000000000106f       0x1b ./system/src/cmsis/vectors_stm32f10x.o
 .debug_macro   0x000000000000108a      0x288 ./src/main.o
